// Jest Snapshot v1, https://goo.gl/fbAQLP

exports[`render Characters 1`] = `
<DocumentFragment>
  <div
    class="characters"
  >
    <div
      class="characters__content"
    >
      <div
        class="characters__content-img"
      >
        <img
          alt="RickAndMorty"
          src="[object Object]"
        />
      </div>
      <div
        class="characters__container-inputs"
      >
        <div
          class="input"
        >
          <div
            class="input__content"
          >
            <img
              alt="loupe"
              src="[object Object]"
            />
            <input
              placeholder="Filter by name..."
              type="text"
            />
          </div>
        </div>
        <div
          class="dropdown"
        >
          <div
            class="dropdown__content"
          >
            <select
              name="species"
            >
              <option
                hidden=""
                value=""
              >
                Species
              </option>
              <option>
                Human
              </option>
              <option>
                Alien
              </option>
              <option>
                Humanoid
              </option>
              <option>
                Poopybutthole
              </option>
              <option>
                Mythological
              </option>
              <option>
                Unknown
              </option>
              <option>
                Animal
              </option>
              <option>
                Disease
              </option>
              <option>
                Robot
              </option>
              <option>
                Cronenberg
              </option>
            </select>
            <div
              class="dropdown__img-arrowDropdown"
            >
              <img
                alt="arrowDropdown"
                src="[object Object]"
              />
            </div>
          </div>
        </div>
        <div
          class="dropdown"
        >
          <div
            class="dropdown__content"
          >
            <select
              name="gender"
            >
              <option
                hidden=""
                value=""
              >
                Gender
              </option>
              <option>
                female
              </option>
              <option>
                male
              </option>
              <option>
                genderless
              </option>
              <option>
                unknown
              </option>
            </select>
            <div
              class="dropdown__img-arrowDropdown"
            >
              <img
                alt="arrowDropdown"
                src="[object Object]"
              />
            </div>
          </div>
        </div>
        <div
          class="dropdown"
        >
          <div
            class="dropdown__content"
          >
            <select
              name="status"
            >
              <option
                hidden=""
                value=""
              >
                Status
              </option>
              <option>
                Alive
              </option>
              <option>
                Dead
              </option>
              <option>
                Unknown
              </option>
            </select>
            <div
              class="dropdown__img-arrowDropdown"
            >
              <img
                alt="arrowDropdown"
                src="[object Object]"
              />
            </div>
          </div>
        </div>
      </div>
      <div
        class="cardList"
      >
        <div
          class="cardList__content"
        >
          <div
            class="card"
          >
            <div
              class="card__content"
            >
              <img
                src="https://rickandmortyapi.com/api/character/avatar/1.jpeg"
              />
              <div
                class="card__description"
              >
                <h1>
                  Rick Sanchez
                </h1>
                <p>
                  Human
                </p>
              </div>
            </div>
          </div>
        </div>
      </div>
      <div
        class="characters__container-button"
      >
        <div
          class="button"
        >
          <div
            class="button__content"
          >
            <button>
              LOAD MORE
            </button>
          </div>
        </div>
      </div>
    </div>
  </div>
</DocumentFragment>
`;
